[INFO] Scanning for projects...
[INFO] 
[INFO] -----------------------< com.univo:backend-app >------------------------
[INFO] Building  0.0.1-SNAPSHOT
[INFO]   from pom.xml
[INFO] --------------------------------[ jar ]---------------------------------
[INFO] 
[INFO] >>> spring-boot:3.3.0:run (default-cli) > test-compile @ backend-app >>>
[INFO] 
[INFO] --- resources:3.3.1:resources (default-resources) @ backend-app ---
[INFO] Copying 1 resource from src\main\resources to target\classes
[INFO] Copying 0 resource from src\main\resources to target\classes
[INFO] 
[INFO] --- compiler:3.13.0:compile (default-compile) @ backend-app ---
[INFO] Nothing to compile - all classes are up to date.
[INFO] 
[INFO] --- resources:3.3.1:testResources (default-testResources) @ backend-app ---
[INFO] skip non existing resourceDirectory C:\Dev\Desarrollo de Aplicaciones para Internet\backend-app\src\test\resources
[INFO] 
[INFO] --- compiler:3.13.0:testCompile (default-testCompile) @ backend-app ---
[INFO] Nothing to compile - all classes are up to date.
[INFO] 
[INFO] <<< spring-boot:3.3.0:run (default-cli) < test-compile @ backend-app <<<
[INFO] 
[INFO] 
[INFO] --- spring-boot:3.3.0:run (default-cli) @ backend-app ---
[INFO] Attaching agents: []
  .   ____          _            __ _ _
 /\\ / ___'_ __ _ _(_)_ __  __ _ \ \ \ \
( ( )\___ | '_ | '_| | '_ \/ _` | \ \ \ \
 \\/  ___)| |_)| | | | | || (_| |  ) ) ) )
  '  |____| .__|_| |_|_| |_\__, | / / / /
 =========|_|==============|___/=/_/_/_/

 :: Spring Boot ::                (v3.3.0)

2026-07-30T17:14:41.138-06:00  INFO 18052 --- [backend-app] [           main] c.u.backend_app.BackendAppApplication    : Starting BackendAppApplication using Java 26.0.1 with PID 18052 (C:\Dev\Desarrollo de Aplicaciones para Internet\backend-app\target\classes started by jesal in C:\Dev\Desarrollo de Aplicaciones para Internet\backend-app)
2026-07-30T17:14:41.139-06:00  INFO 18052 --- [backend-app] [           main] c.u.backend_app.BackendAppApplication    : No active profile set, falling back to 1 default profile: "default"
2026-07-30T17:14:41.599-06:00  INFO 18052 --- [backend-app] [           main] .s.d.r.c.RepositoryConfigurationDelegate : Bootstrapping Spring Data JPA repositories in DEFAULT mode.
2026-07-30T17:14:41.676-06:00  INFO 18052 --- [backend-app] [           main] .s.d.r.c.RepositoryConfigurationDelegate : Finished Spring Data repository scanning in 72 ms. Found 1 JPA repository interface.
WARNING: A restricted method in java.lang.System has been called
WARNING: java.lang.System::load has been called by org.apache.tomcat.jni.Library in an unnamed module (file:/C:/Users/jesal/.m2/repository/org/apache/tomcat/embed/tomcat-embed-core/10.1.24/tomcat-embed-core-10.1.24.jar)
WARNING: Use --enable-native-access=ALL-UNNAMED to avoid a warning for callers in this module
WARNING: Restricted methods will be blocked in a future release unless native access is enabled

2026-07-30T17:14:41.934-06:00  INFO 18052 --- [backend-app] [           main] o.s.b.w.embedded.tomcat.TomcatWebServer  : Tomcat initialized with port 8080 (http)
2026-07-30T17:14:41.944-06:00  INFO 18052 --- [backend-app] [           main] o.apache.catalina.core.StandardService   : Starting service [Tomcat]
2026-07-30T17:14:41.944-06:00  INFO 18052 --- [backend-app] [           main] o.apache.catalina.core.StandardEngine    : Starting Servlet engine: [Apache Tomcat/10.1.24]
2026-07-30T17:14:41.984-06:00  INFO 18052 --- [backend-app] [           main] o.a.c.c.C.[Tomcat].[localhost].[/]       : Initializing Spring embedded WebApplicationContext
2026-07-30T17:14:41.985-06:00  INFO 18052 --- [backend-app] [           main] w.s.c.ServletWebServerApplicationContext : Root WebApplicationContext: initialization completed in 729 ms
2026-07-30T17:14:42.063-06:00  INFO 18052 --- [backend-app] [           main] o.hibernate.jpa.internal.util.LogHelper  : HHH000204: Processing PersistenceUnitInfo [name: default]
2026-07-30T17:14:42.107-06:00  INFO 18052 --- [backend-app] [           main] org.hibernate.Version                    : HHH000412: Hibernate ORM core version 6.5.2.Final
2026-07-30T17:14:42.128-06:00  INFO 18052 --- [backend-app] [           main] o.h.c.internal.RegionFactoryInitiator    : HHH000026: Second-level cache disabled
2026-07-30T17:14:42.290-06:00  INFO 18052 --- [backend-app] [           main] o.s.o.j.p.SpringPersistenceUnitInfo      : No LoadTimeWeaver setup: ignoring JPA class transformer
2026-07-30T17:14:42.304-06:00  INFO 18052 --- [backend-app] [           main] com.zaxxer.hikari.HikariDataSource       : HikariPool-1 - Starting...
2026-07-30T17:14:43.203-06:00  INFO 18052 --- [backend-app] [           main] com.zaxxer.hikari.pool.HikariPool        : HikariPool-1 - Added connection org.postgresql.jdbc.PgConnection@54234569
2026-07-30T17:14:43.217-06:00  INFO 18052 --- [backend-app] [           main] com.zaxxer.hikari.HikariDataSource       : HikariPool-1 - Start completed.
2026-07-30T17:14:43.312-06:00  WARN 18052 --- [backend-app] [           main] org.hibernate.orm.deprecation            : HHH90000025: PostgreSQLDialect does not need to be specified explicitly using 'hibernate.dialect' (remove the property setting and it will be selected by default)
2026-07-30T17:14:43.926-06:00  INFO 18052 --- [backend-app] [           main] o.h.e.t.j.p.i.JtaPlatformInitiator       : HHH000489: No JTA platform available (set 'hibernate.transaction.jta.platform' to enable JTA platform integration)
2026-07-30T17:14:44.170-06:00  INFO 18052 --- [backend-app] [           main] j.LocalContainerEntityManagerFactoryBean : Initialized JPA EntityManagerFactory for persistence unit 'default'
2026-07-30T17:14:44.476-06:00  WARN 18052 --- [backend-app] [           main] JpaBaseConfiguration$JpaWebConfiguration : spring.jpa.open-in-view is enabled by default. Therefore, database queries may be performed during view rendering. Explicitly configure spring.jpa.open-in-view to disable this warning
2026-07-30T17:14:44.638-06:00  INFO 18052 --- [backend-app] [           main] o.s.b.w.embedded.tomcat.TomcatWebServer  : Tomcat started on port 8080 (http) with context path '/'
2026-07-30T17:14:44.644-06:00  INFO 18052 --- [backend-app] [           main] c.u.backend_app.BackendAppApplication    : Started BackendAppApplication in 3.726 seconds (process running for 3.929)
2026-07-30T17:14:55.728-06:00  INFO 18052 --- [backend-app] [nio-8080-exec-1] o.a.c.c.C.[Tomcat].[localhost].[/]       : Initializing Spring DispatcherServlet 'dispatcherServlet'
2026-07-30T17:14:55.729-06:00  INFO 18052 --- [backend-app] [nio-8080-exec-1] o.s.web.servlet.DispatcherServlet        : Initializing Servlet 'dispatcherServlet'
2026-07-30T17:14:55.730-06:00  INFO 18052 --- [backend-app] [nio-8080-exec-1] o.s.web.servlet.DispatcherServlet        : Completed initialization in 1 ms
Hibernate: select m1_0.id,m1_0.remitente,m1_0.texto from mensajes m1_0
Hibernate: select m1_0.id,m1_0.remitente,m1_0.texto from mensajes m1_0
Hibernate: select m1_0.id,m1_0.remitente,m1_0.texto from mensajes m1_0
Hibernate: select m1_0.id,m1_0.remitente,m1_0.texto from mensajes m1_0
Hibernate: select m1_0.id,m1_0.remitente,m1_0.texto from mensajes m1_0
Hibernate: select m1_0.id,m1_0.remitente,m1_0.texto from mensajes m1_0
2026-07-30T17:32:38.496-06:00  WARN 18052 --- [backend-app] [nio-8080-exec-4] com.zaxxer.hikari.pool.PoolBase          : HikariPool-1 - Failed to validate connection org.postgresql.jdbc.PgConnection@54234569 (This connection has been closed.). Possibly consider using a shorter maxLifetime value.
2026-07-30T17:32:38.498-06:00  WARN 18052 --- [backend-app] [nio-8080-exec-4] com.zaxxer.hikari.pool.PoolBase          : HikariPool-1 - Failed to validate connection org.postgresql.jdbc.PgConnection@7d0b503 (This connection has been closed.). Possibly consider using a shorter maxLifetime value.
2026-07-30T17:32:38.499-06:00  WARN 18052 --- [backend-app] [nio-8080-exec-4] com.zaxxer.hikari.pool.PoolBase          : HikariPool-1 - Failed to validate connection org.postgresql.jdbc.PgConnection@a61f2af (This connection has been closed.). Possibly consider using a shorter maxLifetime value.
2026-07-30T17:32:38.499-06:00  WARN 18052 --- [backend-app] [nio-8080-exec-4] com.zaxxer.hikari.pool.PoolBase          : HikariPool-1 - Failed to validate connection org.postgresql.jdbc.PgConnection@2ea47341 (This connection has been closed.). Possibly consider using a shorter maxLifetime value.
2026-07-30T17:32:38.500-06:00  WARN 18052 --- [backend-app] [nio-8080-exec-4] com.zaxxer.hikari.pool.PoolBase          : HikariPool-1 - Failed to validate connection org.postgresql.jdbc.PgConnection@315d6a3a (This connection has been closed.). Possibly consider using a shorter maxLifetime value.
2026-07-30T17:32:38.500-06:00  WARN 18052 --- [backend-app] [nio-8080-exec-4] com.zaxxer.hikari.pool.PoolBase          : HikariPool-1 - Failed to validate connection org.postgresql.jdbc.PgConnection@3327a9bf (This connection has been closed.). Possibly consider using a shorter maxLifetime value.
2026-07-30T17:32:38.501-06:00  WARN 18052 --- [backend-app] [nio-8080-exec-4] com.zaxxer.hikari.pool.PoolBase          : HikariPool-1 - Failed to validate connection org.postgresql.jdbc.PgConnection@36d6c1fe (This connection has been closed.). Possibly consider using a shorter maxLifetime value.
2026-07-30T17:32:38.501-06:00  WARN 18052 --- [backend-app] [nio-8080-exec-4] com.zaxxer.hikari.pool.PoolBase          : HikariPool-1 - Failed to validate connection org.postgresql.jdbc.PgConnection@3be5921e (This connection has been closed.). Possibly consider using a shorter maxLifetime value.
2026-07-30T17:32:38.502-06:00  WARN 18052 --- [backend-app] [nio-8080-exec-4] com.zaxxer.hikari.pool.PoolBase          : HikariPool-1 - Failed to validate connection org.postgresql.jdbc.PgConnection@61b333e2 (This connection has been closed.). Possibly consider using a shorter maxLifetime value.
2026-07-30T17:32:38.502-06:00  WARN 18052 --- [backend-app] [nio-8080-exec-4] com.zaxxer.hikari.pool.PoolBase          : HikariPool-1 - Failed to validate connection org.postgresql.jdbc.PgConnection@6f57143a (This connection has been closed.). Possibly consider using a shorter maxLifetime value.
Hibernate: select m1_0.id,m1_0.remitente,m1_0.texto from mensajes m1_0
Hibernate: select m1_0.id,m1_0.remitente,m1_0.texto from mensajes m1_0
Hibernate: select m1_0.id,m1_0.remitente,m1_0.texto from mensajes m1_0
Hibernate: select m1_0.id,m1_0.remitente,m1_0.texto from mensajes m1_0
Hibernate: select m1_0.id,m1_0.remitente,m1_0.texto from mensajes m1_0
Hibernate: select m1_0.id,m1_0.remitente,m1_0.texto from mensajes m1_0
Hibernate: select m1_0.id,m1_0.remitente,m1_0.texto from mensajes m1_0
Hibernate: select m1_0.id,m1_0.remitente,m1_0.texto from mensajes m1_0
Hibernate: select m1_0.id,m1_0.remitente,m1_0.texto from mensajes m1_0
Hibernate: select m1_0.id,m1_0.remitente,m1_0.texto from mensajes m1_0
Hibernate: select m1_0.id,m1_0.remitente,m1_0.texto from mensajes m1_0
Hibernate: select m1_0.id,m1_0.remitente,m1_0.texto from mensajes m1_0
Hibernate: select m1_0.id,m1_0.remitente,m1_0.texto from mensajes m1_0
Hibernate: select m1_0.id,m1_0.remitente,m1_0.texto from mensajes m1_0
Hibernate: select m1_0.id,m1_0.remitente,m1_0.texto from mensajes m1_0
Hibernate: select m1_0.id,m1_0.remitente,m1_0.texto from mensajes m1_0
Hibernate: select m1_0.id,m1_0.remitente,m1_0.texto from mensajes m1_0
Hibernate: select m1_0.id,m1_0.remitente,m1_0.texto from mensajes m1_0
Hibernate: select m1_0.id,m1_0.remitente,m1_0.texto from mensajes m1_0
Hibernate: select m1_0.id,m1_0.remitente,m1_0.texto from mensajes m1_0
Hibernate: select m1_0.id,m1_0.remitente,m1_0.texto from mensajes m1_0
Hibernate: select m1_0.id,m1_0.remitente,m1_0.texto from mensajes m1_0
Hibernate: select m1_0.id,m1_0.remitente,m1_0.texto from mensajes m1_0
Hibernate: select m1_0.id,m1_0.remitente,m1_0.texto from mensajes m1_0
Hibernate: select m1_0.id,m1_0.remitente,m1_0.texto from mensajes m1_0
Hibernate: select m1_0.id,m1_0.remitente,m1_0.texto from mensajes m1_0
Hibernate: select m1_0.id,m1_0.remitente,m1_0.texto from mensajes m1_0
Hibernate: select m1_0.id,m1_0.remitente,m1_0.texto from mensajes m1_0
Hibernate: select m1_0.id,m1_0.remitente,m1_0.texto from mensajes m1_0
Hibernate: select m1_0.id,m1_0.remitente,m1_0.texto from mensajes m1_0
Hibernate: select m1_0.id,m1_0.remitente,m1_0.texto from mensajes m1_0
Hibernate: select m1_0.id,m1_0.remitente,m1_0.texto from mensajes m1_0
Hibernate: select m1_0.id,m1_0.remitente,m1_0.texto from mensajes m1_0
Hibernate: select m1_0.id,m1_0.remitente,m1_0.texto from mensajes m1_0
Hibernate: select m1_0.id,m1_0.remitente,m1_0.texto from mensajes m1_0
Hibernate: select m1_0.id,m1_0.remitente,m1_0.texto from mensajes m1_0
Hibernate: select m1_0.id,m1_0.remitente,m1_0.texto from mensajes m1_0
Hibernate: select m1_0.id,m1_0.remitente,m1_0.texto from mensajes m1_0
Hibernate: select m1_0.id,m1_0.remitente,m1_0.texto from mensajes m1_0
Hibernate: select m1_0.id,m1_0.remitente,m1_0.texto from mensajes m1_0
Hibernate: select m1_0.id,m1_0.remitente,m1_0.texto from mensajes m1_0
Hibernate: select m1_0.id,m1_0.remitente,m1_0.texto from mensajes m1_0
Hibernate: select m1_0.id,m1_0.remitente,m1_0.texto from mensajes m1_0
Hibernate: select m1_0.id,m1_0.remitente,m1_0.texto from mensajes m1_0
Hibernate: select m1_0.id,m1_0.remitente,m1_0.texto from mensajes m1_0
Hibernate: select m1_0.id,m1_0.remitente,m1_0.texto from mensajes m1_0
Hibernate: select m1_0.id,m1_0.remitente,m1_0.texto from mensajes m1_0
Hibernate: select m1_0.id,m1_0.remitente,m1_0.texto from mensajes m1_0
Hibernate: select m1_0.id,m1_0.remitente,m1_0.texto from mensajes m1_0
Hibernate: select m1_0.id,m1_0.remitente,m1_0.texto from mensajes m1_0
Hibernate: select m1_0.id,m1_0.remitente,m1_0.texto from mensajes m1_0
Hibernate: select m1_0.id,m1_0.remitente,m1_0.texto from mensajes m1_0
Hibernate: select m1_0.id,m1_0.remitente,m1_0.texto from mensajes m1_0
Hibernate: select m1_0.id,m1_0.remitente,m1_0.texto from mensajes m1_0
Hibernate: select m1_0.id,m1_0.remitente,m1_0.texto from mensajes m1_0
Hibernate: select m1_0.id,m1_0.remitente,m1_0.texto from mensajes m1_0
Hibernate: select m1_0.id,m1_0.remitente,m1_0.texto from mensajes m1_0
Hibernate: select m1_0.id,m1_0.remitente,m1_0.texto from mensajes m1_0
Hibernate: select m1_0.id,m1_0.remitente,m1_0.texto from mensajes m1_0
Hibernate: select m1_0.id,m1_0.remitente,m1_0.texto from mensajes m1_0
Hibernate: select m1_0.id,m1_0.remitente,m1_0.texto from mensajes m1_0
Hibernate: select m1_0.id,m1_0.remitente,m1_0.texto from mensajes m1_0
Hibernate: select m1_0.id,m1_0.remitente,m1_0.texto from mensajes m1_0
Hibernate: select m1_0.id,m1_0.remitente,m1_0.texto from mensajes m1_0
Hibernate: select m1_0.id,m1_0.remitente,m1_0.texto from mensajes m1_0
Hibernate: select m1_0.id,m1_0.remitente,m1_0.texto from mensajes m1_0
Hibernate: select m1_0.id,m1_0.remitente,m1_0.texto from mensajes m1_0
Hibernate: select m1_0.id,m1_0.remitente,m1_0.texto from mensajes m1_0
Hibernate: select m1_0.id,m1_0.remitente,m1_0.texto from mensajes m1_0
Hibernate: select m1_0.id,m1_0.remitente,m1_0.texto from mensajes m1_0
Hibernate: select m1_0.id,m1_0.remitente,m1_0.texto from mensajes m1_0
Hibernate: select m1_0.id,m1_0.remitente,m1_0.texto from mensajes m1_0
Hibernate: select m1_0.id,m1_0.remitente,m1_0.texto from mensajes m1_0
Hibernate: select m1_0.id,m1_0.remitente,m1_0.texto from mensajes m1_0
Hibernate: select m1_0.id,m1_0.remitente,m1_0.texto from mensajes m1_0
Hibernate: select m1_0.id,m1_0.remitente,m1_0.texto from mensajes m1_0
Hibernate: select m1_0.id,m1_0.remitente,m1_0.texto from mensajes m1_0
Hibernate: select m1_0.id,m1_0.remitente,m1_0.texto from mensajes m1_0
Hibernate: select m1_0.id,m1_0.remitente,m1_0.texto from mensajes m1_0
Hibernate: select m1_0.id,m1_0.remitente,m1_0.texto from mensajes m1_0
Hibernate: select m1_0.id,m1_0.remitente,m1_0.texto from mensajes m1_0
Hibernate: select m1_0.id,m1_0.remitente,m1_0.texto from mensajes m1_0
Hibernate: select m1_0.id,m1_0.remitente,m1_0.texto from mensajes m1_0
Hibernate: select m1_0.id,m1_0.remitente,m1_0.texto from mensajes m1_0
Hibernate: select m1_0.id,m1_0.remitente,m1_0.texto from mensajes m1_0
Hibernate: select m1_0.id,m1_0.remitente,m1_0.texto from mensajes m1_0
Hibernate: select m1_0.id,m1_0.remitente,m1_0.texto from mensajes m1_0
Hibernate: select m1_0.id,m1_0.remitente,m1_0.texto from mensajes m1_0
Hibernate: select m1_0.id,m1_0.remitente,m1_0.texto from mensajes m1_0
Hibernate: select m1_0.id,m1_0.remitente,m1_0.texto from mensajes m1_0
Hibernate: select m1_0.id,m1_0.remitente,m1_0.texto from mensajes m1_0
Hibernate: select m1_0.id,m1_0.remitente,m1_0.texto from mensajes m1_0
[INFO] ------------------------------------------------------------------------
[INFO] BUILD FAILURE
[INFO] ------------------------------------------------------------------------
[INFO] Total time:  01:31 h
[INFO] Finished at: 2026-07-30T18:45:45-06:00
[INFO] ------------------------------------------------------------------------
[ERROR] Failed to execute goal org.springframework.boot:spring-boot-maven-plugin:3.3.0:run (default-cli) on project backend-app: Process terminated with exit code: -1 -> [Help 1]
[ERROR] 
[ERROR] To see the full stack trace of the errors, re-run Maven with the -e switch.
[ERROR] Re-run Maven using the -X switch to enable full debug logging.
[ERROR] 
[ERROR] For more information about the errors and possible solutions, please read the following articles:
[ERROR] [Help 1] http://cwiki.apache.org/confluence/display/MAVEN/MojoExecutionException
